// Jest Snapshot v1, https://goo.gl/fbAQLP

exports[`renders App.js correctly 1`] = `
<div>
  <div>
    <header>
      <h1>
        Monster Gallery
      </h1>
    </header>
  </div>
  <ul>
    <li>
      <div
        className="info-container"
      >
        <h2
          className="creature"
        >
          UniWhal
        </h2>
        <p
          className="horns"
        >
          Number of Horns: 
          1
        </p>
      </div>
      <div
        className="image-container"
      >
        <img
          alt="http://3.bp.blogspot.com/_DBYF1AdFaHw/TE-f0cDQ24I/AAAAAAAACZg/l-FdTZ6M7z8/s1600/Unicorn_and_Narwhal_by_dinglehopper.jpg"
          src="http://3.bp.blogspot.com/_DBYF1AdFaHw/TE-f0cDQ24I/AAAAAAAACZg/l-FdTZ6M7z8/s1600/Unicorn_and_Narwhal_by_dinglehopper.jpg"
        />
      </div>
      <p
        className="description"
      >
        A unicorn and a narwhal nuzzling their horns
      </p>
    </li>
    <li>
      <div
        className="info-container"
      >
        <h2
          className="creature"
        >
          Rhino Family
        </h2>
        <p
          className="horns"
        >
          Number of Horns: 
          2
        </p>
      </div>
      <div
        className="image-container"
      >
        <img
          alt="https://images.unsplash.com/photo-1512636618879-bbe79107e9e3?ixlib=rb-0.3.5&ixid=eyJhcHBfaWQiOjEyMDd9&s=bd9460ee6d1ddbb6b1ca7be86dfc4590&auto=format&fit=crop&w=1825&q=80"
          src="https://images.unsplash.com/photo-1512636618879-bbe79107e9e3?ixlib=rb-0.3.5&ixid=eyJhcHBfaWQiOjEyMDd9&s=bd9460ee6d1ddbb6b1ca7be86dfc4590&auto=format&fit=crop&w=1825&q=80"
        />
      </div>
      <p
        className="description"
      >
        Mother (or father) rhino with two babies
      </p>
    </li>
    <li>
      <div
        className="info-container"
      >
        <h2
          className="creature"
        >
          Unicorn Head
        </h2>
        <p
          className="horns"
        >
          Number of Horns: 
          1
        </p>
      </div>
      <div
        className="image-container"
      >
        <img
          alt="https://www.dhresource.com/0x0s/f2-albu-g5-M00-1A-11-rBVaI1hsIIiALxKzAAIHjSU3VkE490.jpg/wholesale-halloween-costume-prop-unicorn.jpg"
          src="https://www.dhresource.com/0x0s/f2-albu-g5-M00-1A-11-rBVaI1hsIIiALxKzAAIHjSU3VkE490.jpg/wholesale-halloween-costume-prop-unicorn.jpg"
        />
      </div>
      <p
        className="description"
      >
        Someone wearing a creepy unicorn head mask
      </p>
    </li>
    <li>
      <div
        className="info-container"
      >
        <h2
          className="creature"
        >
          UniLego
        </h2>
        <p
          className="horns"
        >
          Number of Horns: 
          1
        </p>
      </div>
      <div
        className="image-container"
      >
        <img
          alt="https://images.unsplash.com/photo-1518946222227-364f22132616?ixlib=rb-0.3.5&ixid=eyJhcHBfaWQiOjEyMDd9&s=4836a6fca62e7dce9324346bacfde085&auto=format&fit=crop&w=2534&q=80"
          src="https://images.unsplash.com/photo-1518946222227-364f22132616?ixlib=rb-0.3.5&ixid=eyJhcHBfaWQiOjEyMDd9&s=4836a6fca62e7dce9324346bacfde085&auto=format&fit=crop&w=2534&q=80"
        />
      </div>
      <p
        className="description"
      >
        Lego figurine dressed in a unicorn outfit
      </p>
    </li>
    <li>
      <div
        className="info-container"
      >
        <h2
          className="creature"
        >
          Basically a unicorn
        </h2>
        <p
          className="horns"
        >
          Number of Horns: 
          1
        </p>
      </div>
      <div
        className="image-container"
      >
        <img
          alt="https://i.pinimg.com/736x/b4/61/06/b46106830b841017ea59870b27ec18dc--narwhals-a-unicorn.jpg"
          src="https://i.pinimg.com/736x/b4/61/06/b46106830b841017ea59870b27ec18dc--narwhals-a-unicorn.jpg"
        />
      </div>
      <p
        className="description"
      >
        A narwhal is basically a unicorn after all, right?
      </p>
    </li>
    <li>
      <div
        className="info-container"
      >
        <h2
          className="creature"
        >
          #truth
        </h2>
        <p
          className="horns"
        >
          Number of Horns: 
          1
        </p>
      </div>
      <div
        className="image-container"
      >
        <img
          alt="https://i.pinimg.com/originals/16/cf/2a/16cf2a0b3fd51b9bee08bb6296193b75.jpg"
          src="https://i.pinimg.com/originals/16/cf/2a/16cf2a0b3fd51b9bee08bb6296193b75.jpg"
        />
      </div>
      <p
        className="description"
      >
        The truth behind narwhals
      </p>
    </li>
    <li>
      <div
        className="info-container"
      >
        <h2
          className="creature"
        >
          Baby Rhino
        </h2>
        <p
          className="horns"
        >
          Number of Horns: 
          2
        </p>
      </div>
      <div
        className="image-container"
      >
        <img
          alt="https://secure.img1-ag.wfcdn.com/im/17007094/resize-h800%5Ecompr-r85/3589/35892451/Baby+Rhino+Figurine.jpg"
          src="https://secure.img1-ag.wfcdn.com/im/17007094/resize-h800%5Ecompr-r85/3589/35892451/Baby+Rhino+Figurine.jpg"
        />
      </div>
      <p
        className="description"
      >
        This is actually a figurine but it looks kinda real
      </p>
    </li>
    <li>
      <div
        className="info-container"
      >
        <h2
          className="creature"
        >
          Cera
        </h2>
        <p
          className="horns"
        >
          Number of Horns: 
          3
        </p>
      </div>
      <div
        className="image-container"
      >
        <img
          alt="https://vignette.wikia.nocookie.net/landbeforetime/images/c/c3/Cera_infobox.png/revision/latest?cb=20180422005003"
          src="https://vignette.wikia.nocookie.net/landbeforetime/images/c/c3/Cera_infobox.png/revision/latest?cb=20180422005003"
        />
      </div>
      <p
        className="description"
      >
        Three horns but still, horns. And who doesn't like The Land Before Time?
      </p>
    </li>
    <li>
      <div
        className="info-container"
      >
        <h2
          className="creature"
        >
          Narwhal costume
        </h2>
        <p
          className="horns"
        >
          Number of Horns: 
          1
        </p>
      </div>
      <div
        className="image-container"
      >
        <img
          alt="https://ae01.alicdn.com/kf/HTB18GwSQVXXXXaZaXXXq6xXFXXXh/Animal-Cosplay-Costume-Narwhal-Onesie-Mens-Womens-Cartoon-Whale-Pajamas.jpg"
          src="https://ae01.alicdn.com/kf/HTB18GwSQVXXXXaZaXXXq6xXFXXXh/Animal-Cosplay-Costume-Narwhal-Onesie-Mens-Womens-Cartoon-Whale-Pajamas.jpg"
        />
      </div>
      <p
        className="description"
      >
        A woman wearing a blue narwhal costume
      </p>
    </li>
    <li>
      <div
        className="info-container"
      >
        <h2
          className="creature"
        >
          Rhino costume
        </h2>
        <p
          className="horns"
        >
          Number of Horns: 
          2
        </p>
      </div>
      <div
        className="image-container"
      >
        <img
          alt="https://www.shopmascot.com/image/cache/mascotnew/new196-800x800.jpg"
          src="https://www.shopmascot.com/image/cache/mascotnew/new196-800x800.jpg"
        />
      </div>
      <p
        className="description"
      >
        Mascots have to get their costumes somewhere
      </p>
    </li>
    <li>
      <div
        className="info-container"
      >
        <h2
          className="creature"
        >
          Believe
        </h2>
        <p
          className="horns"
        >
          Number of Horns: 
          1
        </p>
      </div>
      <div
        className="image-container"
      >
        <img
          alt="https://www.tinselbox.com/wp-content/uploads/2018/03/I-BELIEVE-IN-UNICORNS-FREE-PRINTABLE-WATERCOLOR-7-of-1.jpg"
          src="https://www.tinselbox.com/wp-content/uploads/2018/03/I-BELIEVE-IN-UNICORNS-FREE-PRINTABLE-WATERCOLOR-7-of-1.jpg"
        />
      </div>
      <p
        className="description"
      >
        I believe in unicorns, do you?
      </p>
    </li>
    <li>
      <div
        className="info-container"
      >
        <h2
          className="creature"
        >
          Markhor
        </h2>
        <p
          className="horns"
        >
          Number of Horns: 
          2
        </p>
      </div>
      <div
        className="image-container"
      >
        <img
          alt="https://upload.wikimedia.org/wikipedia/commons/thumb/3/38/Markhor_Schraubenziege_Capra_falconeri_Zoo_Augsburg-02.jpg/220px-Markhor_Schraubenziege_Capra_falconeri_Zoo_Augsburg-02.jpg"
          src="https://upload.wikimedia.org/wikipedia/commons/thumb/3/38/Markhor_Schraubenziege_Capra_falconeri_Zoo_Augsburg-02.jpg/220px-Markhor_Schraubenziege_Capra_falconeri_Zoo_Augsburg-02.jpg"
        />
      </div>
      <p
        className="description"
      >
        These wild goats eat snakes, then secrete a foam that locals fight over for the antivenom properties -- how cool is that?
      </p>
    </li>
    <li>
      <div
        className="info-container"
      >
        <h2
          className="creature"
        >
          Baby markhor
        </h2>
        <p
          className="horns"
        >
          Number of Horns: 
          2
        </p>
      </div>
      <div
        className="image-container"
      >
        <img
          alt="http://www.zooborns.com/.a/6a010535647bf3970b0223c84d5959200c-800wi"
          src="http://www.zooborns.com/.a/6a010535647bf3970b0223c84d5959200c-800wi"
        />
      </div>
      <p
        className="description"
      >
        Even the babies are adorable
      </p>
    </li>
    <li>
      <div
        className="info-container"
      >
        <h2
          className="creature"
        >
          Mouflon
        </h2>
        <p
          className="horns"
        >
          Number of Horns: 
          2
        </p>
      </div>
      <div
        className="image-container"
      >
        <img
          alt="https://cdn.modernfarmer.com/wp-content/uploads/2014/08/28476658_9c97f35096_o.jpg"
          src="https://cdn.modernfarmer.com/wp-content/uploads/2014/08/28476658_9c97f35096_o.jpg"
        />
      </div>
      <p
        className="description"
      >
        Those horns though
      </p>
    </li>
    <li>
      <div
        className="info-container"
      >
        <h2
          className="creature"
        >
          Addax
        </h2>
        <p
          className="horns"
        >
          Number of Horns: 
          2
        </p>
      </div>
      <div
        className="image-container"
      >
        <img
          alt="https://cdn.modernfarmer.com/wp-content/uploads/2014/08/addax.jpg"
          src="https://cdn.modernfarmer.com/wp-content/uploads/2014/08/addax.jpg"
        />
      </div>
      <p
        className="description"
      >
        This guy is basically extinct but survives well in captivity, so they're frequently found in zoos
      </p>
    </li>
    <li>
      <div
        className="info-container"
      >
        <h2
          className="creature"
        >
          Baby mouflon
        </h2>
        <p
          className="horns"
        >
          Number of Horns: 
          2
        </p>
      </div>
      <div
        className="image-container"
      >
        <img
          alt="https://cbsnews3.cbsistatic.com/hub/i/r/2013/03/05/5b414225-a645-11e2-a3f0-029118418759/thumbnail/620x350/2d4cf24685b45c22912e64d2004fec8d/Baby_Mouflon_Wild_Sheep.jpg"
          src="https://cbsnews3.cbsistatic.com/hub/i/r/2013/03/05/5b414225-a645-11e2-a3f0-029118418759/thumbnail/620x350/2d4cf24685b45c22912e64d2004fec8d/Baby_Mouflon_Wild_Sheep.jpg"
        />
      </div>
      <p
        className="description"
      >
        The cuteness that is a baby mouflon asleep
      </p>
    </li>
    <li>
      <div
        className="info-container"
      >
        <h2
          className="creature"
        >
          Happy Jackson's Chameleon
        </h2>
        <p
          className="horns"
        >
          Number of Horns: 
          2
        </p>
      </div>
      <div
        className="image-container"
      >
        <img
          alt="https://cdn.modernfarmer.com/wp-content/uploads/2014/08/chameleon.jpg"
          src="https://cdn.modernfarmer.com/wp-content/uploads/2014/08/chameleon.jpg"
        />
      </div>
      <p
        className="description"
      >
        These are really common in Hawaii
      </p>
    </li>
    <li>
      <div
        className="info-container"
      >
        <h2
          className="creature"
        >
          Serious Jackson's Chameleon
        </h2>
        <p
          className="horns"
        >
          Number of Horns: 
          3
        </p>
      </div>
      <div
        className="image-container"
      >
        <img
          alt="https://imgc.allpostersimages.com/img/print/posters/dlillc-jackson-s-chameleon_a-G-13448768-14258384.jpg"
          src="https://imgc.allpostersimages.com/img/print/posters/dlillc-jackson-s-chameleon_a-G-13448768-14258384.jpg"
        />
      </div>
      <p
        className="description"
      >
        This one is very serious.
      </p>
    </li>
    <li>
      <div
        className="info-container"
      >
        <h2
          className="creature"
        >
          Horned Lizard
        </h2>
        <p
          className="horns"
        >
          Number of Horns: 
          100
        </p>
      </div>
      <div
        className="image-container"
      >
        <img
          alt="https://www.nps.gov/band/learn/nature/images/short-horned-lizard-open-mouth-18.jpg?maxwidth=650&autorotate=false"
          src="https://www.nps.gov/band/learn/nature/images/short-horned-lizard-open-mouth-18.jpg?maxwidth=650&autorotate=false"
        />
      </div>
      <p
        className="description"
      >
        Fave food: ants
      </p>
    </li>
    <li>
      <div
        className="info-container"
      >
        <h2
          className="creature"
        >
          Smaug
        </h2>
        <p
          className="horns"
        >
          Number of Horns: 
          100
        </p>
      </div>
      <div
        className="image-container"
      >
        <img
          alt="https://upload.wikimedia.org/wikipedia/commons/thumb/d/df/Smaug_par_David_Demaret.jpg/290px-Smaug_par_David_Demaret.jpg"
          src="https://upload.wikimedia.org/wikipedia/commons/thumb/d/df/Smaug_par_David_Demaret.jpg/290px-Smaug_par_David_Demaret.jpg"
        />
      </div>
      <p
        className="description"
      >
        Fan illustration of Smaug from 'The Hobbit'
      </p>
    </li>
  </ul>
</div>
`;
